// Jest Snapshot v1, https://goo.gl/fbAQLP

exports[`beforeScreenshot should be able to return the enriched instance data with \`addShadowPadding: true\` 1`] = `
Object {
  "addressBarShadowPadding": 0,
  "browserName": "browserName",
  "browserVersion": "browserVersion",
  "deviceName": "deviceName",
  "isAndroid": false,
  "isAndroidChromeDriverScreenshot": false,
  "isAndroidNativeWebScreenshot": false,
  "isIos": false,
  "isMobile": false,
  "isTestInBrowser": true,
  "isTestInMobileBrowser": false,
  "logName": "logName",
  "name": "name",
  "nativeWebScreenshot": false,
  "platformName": "platformName",
  "platformVersion": "platformVersion",
  "toolBarShadowPadding": 0,
}
`;

exports[`beforeScreenshot should be able to return the enriched instance data with default options 1`] = `
Object {
  "addressBarShadowPadding": 0,
  "browserName": "browserName",
  "browserVersion": "browserVersion",
  "deviceName": "deviceName",
  "isAndroid": false,
  "isAndroidChromeDriverScreenshot": false,
  "isAndroidNativeWebScreenshot": false,
  "isIos": false,
  "isMobile": false,
  "isTestInBrowser": true,
  "isTestInMobileBrowser": false,
  "logName": "logName",
  "name": "name",
  "nativeWebScreenshot": false,
  "platformName": "platformName",
  "platformVersion": "platformVersion",
  "toolBarShadowPadding": 0,
}
`;
